2026-08-17: AeroSpace Config Update
- Changed `default-root-container-layout` from 'accordion' to 'tiles' as requested.
- Replaced all plain `alt-` keybindings with `cmd-alt-shift-ctrl-` (Hyper key via Karabiner).
- Kept complex modifier bindings (e.g. `alt-shift-` and `ctrl-alt-`) unchanged as requested.
- Added `cmd-alt-shift-ctrl-period` as a quick toggle between `tiles` and `accordion` layouts for the focused container.

2026-08-17: Revert Hyper to Option (⌥)
- Hyper key (cmd+alt+ctrl+shift) conflicts with shift-based modifiers (e.g. alt-shift-h for move).
- Reverted all plain bindings back to `alt-` (Option key).
- Toggle AeroSpace moved to Karabiner rule (⌥ + ') so it works even when AeroSpace is disabled.
- Removed multi-monitor shortcuts (⌃⌥ S/G, ⌥⇧ Tab) since user doesn't use multi-monitor.

2026-08-17: SketchyBar Layout Status Icons
- Added two new icons next to the AeroSpace toggle in sketchybar:
  - 󰒡 (aero_root_layout): Shows the root container layout of the focused workspace.
  - 󰕰 (aero_cont_layout): Shows the parent container layout of the focused window.
- Color scheme:
  - Green (Cultivation / #3CB371): Layout is TILES mode.
  - Blue (Honor / #00A8E8): Layout is ACCORDION mode.
- Both icons are clickable:
  - Click 󰒡 to toggle the workspace root layout between tiles ↔ accordion.
  - Click 󰕰 to toggle the focused container layout between tiles ↔ accordion.
- Icons update automatically on workspace change, window focus, and layout toggle.
- Updated cheatsheet_data.py with all corrected shortcuts.


2026-10-02: Battery Drain Optimization (Option B — Zero SIP, AeroSpace-only)
- Set automatically-unhide-macos-hidden-apps = false so macOS App Nap
  can sleep background workspace apps (was preventing WindowServer throttling).
- Removed redundant window_title_change event from on-focus-changed
  (was double-triggering sketchybar on every window focus).
- Passed PREV_WORKSPACE to exec-on-workspace-change so space.sh can
  early-exit for all 11 unaffected workspaces (saves 11 aerospace socket calls per switch).

New file: sketchybar/plugins/battery_power.sh
  Shared battery detection helper used by all plugin scripts.
  Caches pmset result for 10s to avoid repeated pmset spawns.

SketchyBar plugin polling throttles (AC → Battery):
  sysmon: 5s → 15s
  pomodoro: 1s → 30s idle (stays 1s when timer active)
  mic: 3s → 10s standby (stays 3s when recording)
  net_speed: 2s → 10s
  guilt: 5s → 20s idle (restores to 5s when distracting app focused)
  audio_toggle: 5s → 30s

Zero AeroSpace keybindings were modified.
